// Jest Snapshot v1, https://goo.gl/fbAQLP

exports[`Snapshot 1`] = `
Object {
  "Resources": Object {
    "DevopsCleanupLogGroup2D581D8D": Object {
      "DeletionPolicy": "Delete",
      "Properties": Object {
        "LogGroupName": "/aws/lambda/test-ExampleHelloLambda",
        "RetentionInDays": 90,
      },
      "Type": "AWS::Logs::LogGroup",
      "UpdateReplacePolicy": "Delete",
    },
    "HelloLambda3D9C82D6": Object {
      "DependsOn": Array [
        "DevopsCleanupLogGroup2D581D8D",
        "HelloLambdaServiceRoleE071F162",
      ],
      "Properties": Object {
        "Code": Object {
          "ZipFile": "exports.handler = async () => { console.log('hello world'); };",
        },
        "FunctionName": "test-ExampleHelloLambda",
        "Handler": "index.handler",
        "Role": Object {
          "Fn::GetAtt": Array [
            "HelloLambdaServiceRoleE071F162",
            "Arn",
          ],
        },
        "Runtime": "nodejs14.x",
      },
      "Type": "AWS::Lambda::Function",
    },
    "HelloLambdaServiceRoleE071F162": Object {
      "DependsOn": Array [
        "DevopsCleanupLogGroup2D581D8D",
      ],
      "Properties": Object {
        "AssumeRolePolicyDocument": Object {
          "Statement": Array [
            Object {
              "Action": "sts:AssumeRole",
              "Effect": "Allow",
              "Principal": Object {
                "Service": "lambda.amazonaws.com",
              },
            },
          ],
          "Version": "2012-10-17",
        },
        "ManagedPolicyArns": Array [
          Object {
            "Fn::Join": Array [
              "",
              Array [
                "arn:",
                Object {
                  "Ref": "AWS::Partition",
                },
                ":iam::aws:policy/service-role/AWSLambdaBasicExecutionRole",
              ],
            ],
          },
        ],
      },
      "Type": "AWS::IAM::Role",
    },
  },
}
`;
